
=== 课程阶段 1 ===
[stage 1] epoch 1: loss=0.738 token_acc=0.950 em_acc=0.219
[stage 1] epoch 2: loss=0.082 token_acc=0.999 em_acc=0.969
[stage 1] 毕业 @ epoch 2 (em_acc=0.969)

=== 课程阶段 2 ===
[stage 2] epoch 1: loss=0.392 token_acc=0.914 em_acc=0.000
[stage 2] epoch 2: loss=0.111 token_acc=0.965 em_acc=0.156
[stage 2] epoch 3: loss=0.062 token_acc=0.975 em_acc=0.312
[stage 2] epoch 4: loss=0.039 token_acc=0.978 em_acc=0.281
[stage 2] epoch 5: loss=0.030 token_acc=0.980 em_acc=0.438
[stage 2] epoch 6: loss=0.018 token_acc=0.992 em_acc=0.719
[stage 2] epoch 7: loss=0.009 token_acc=0.994 em_acc=0.750
[stage 2] epoch 8: loss=0.012 token_acc=0.996 em_acc=0.844
[stage 2] epoch 9: loss=0.011 token_acc=0.998 em_acc=0.906
[stage 2] 毕业 @ epoch 9 (em_acc=0.906)

=== 课程阶段 3 ===
[stage 3] epoch 1: loss=0.158 token_acc=0.969 em_acc=0.062
[stage 3] epoch 2: loss=0.056 token_acc=0.978 em_acc=0.188
[stage 3] epoch 3: loss=0.041 token_acc=0.991 em_acc=0.594
[stage 3] epoch 4: loss=0.029 token_acc=0.997 em_acc=0.844
[stage 3] epoch 5: loss=0.023 token_acc=0.995 em_acc=0.750
[stage 3] epoch 6: loss=0.011 token_acc=0.996 em_acc=0.812
[stage 3] epoch 7: loss=0.007 token_acc=0.998 em_acc=0.906
[stage 3] 毕业 @ epoch 7 (em_acc=0.906)

=== 课程阶段 4 ===
[stage 4] epoch 1: loss=0.111 token_acc=0.996 em_acc=0.719
[stage 4] epoch 2: loss=0.027 token_acc=0.981 em_acc=0.250
[stage 4] epoch 3: loss=0.018 token_acc=0.993 em_acc=0.656
[stage 4] epoch 4: loss=0.017 token_acc=0.985 em_acc=0.281
[stage 4] epoch 5: loss=0.020 token_acc=1.000 em_acc=0.969
[stage 4] 毕业 @ epoch 5 (em_acc=0.969)

=== 评估 1–8 位 ===
len 1: answer_acc=1.000 exact_match=1.000
len 2: answer_acc=0.960 exact_match=0.960
len 3: answer_acc=0.485 exact_match=0.480
len 4: answer_acc=0.935 exact_match=0.935
len 5: answer_acc=0.000 exact_match=0.000
len 6: answer_acc=0.000 exact_match=0.000
len 7: answer_acc=0.000 exact_match=0.000
len 8: answer_acc=0.000 exact_match=0.000

图已保存到 outputs/
